// Jest Snapshot v1, https://goo.gl/fbAQLP

exports[`Bar snapshot test Should match the snapshot 1`] = `
Array [
  <h2>
    This should break it (hopefully)
  </h2>,
  <div>
    <h3>
      Buzz
    </h3>
    <img
      alt="Buzz"
      src="https://images.punkapi.com/v2/keg.png"
      width={70}
    />
    <p>
      Alcohol content of beer is 
      4.5
    </p>
    <h4>
      Good food pairings with this are: 
    </h4>
    <p>
      food pairing 1
    </p>
    <p>
      food pairing 2
    </p>
  </div>,
]
`;
