// Jest Snapshot v1, https://goo.gl/fbAQLP

exports[`Snapshot testing Should match the snapshot 1`] = `
<div>
  <h3>
    test_name
  </h3>
  <img
    alt="test_name"
    src="test_url"
    width={70}
  />
  <p>
    Alcohol content of beer is 
    123
  </p>
  <h4>
    Good food pairings with this are: 
  </h4>
  <p>
    food_pairing1
  </p>
  <p>
    food_pairing2
  </p>
</div>
`;
